// Jest Snapshot v1, https://goo.gl/fbAQLP

exports[`renders without crashing 1`] = `
<Component>
  <Text
    accessible={true}
    allowFontScaling={true}
    ellipsizeMode="tail"
  >
    Register
  </Text>
  <UserForm
    onSubmit={[Function]}
    type="Register"
  />
</Component>
`;
