// Jest Snapshot v1, https://goo.gl/fbAQLP

exports[`renders without crashing 1`] = `
<Component
  style={
    Object {
      "flex": 1,
      "justifyContent": "center",
    }
  }
>
  <Apollo(Apollo(CreateUser)) />
  <Button
    onPress={[Function]}
    title="Login"
  />
</Component>
`;
